<h1 id="first-post">First Post</h1>
<p>This is the first post.</p>
